
> angular-app@0.0.0 start
> ng serve

- Building...

Initial chunk files | Names         |  Raw size
styles.css          | styles        | 764.39 kB |
polyfills.js        | polyfills     |  88.09 kB |
main.js             | main          |  25.69 kB |

                    | Initial total | 878.17 kB

Application bundle generation complete. [3.972 seconds]

Watch mode enabled. Watching for file changes...
  ➜  Local:   http://localhost:4200/
- Changes detected. Rebuilding...

Initial chunk files | Names  |  Raw size
styles.css          | styles | 764.45 kB |

Application bundle generation complete. [0.362 seconds]

HMR update sent to client(s).
- Changes detected. Rebuilding...

Initial chunk files | Names | Raw size
main.js             | main  | 25.70 kB |

Application bundle generation complete. [0.468 seconds]

Page reload sent to client(s).
